// Jest Snapshot v1, https://goo.gl/fbAQLP

exports[`test print createHtmlPage 1`] = `"<!DOCTYPE html><html><head><meta charset=\\"utf-8\\"><meta name=\\"viewport\\" content=\\"width=device-width,initial-scale=1,minimum-scale=1,maximum-scale=1,user-scalable=no,minimal-ui\\"><title>1</title><style>body{margin:0;color:#333333;font-size:14px;font-family:\\"Microsoft YaHei\\",微软雅黑,\\"MicrosoftJhengHei\\",华文细黑,STHeiti,MingLiu}body *{-webkit-box-sizing:border-box;box-sizing:border-box} .page {page-break-after: always;}.noPrint {display: none;}</style></head><body><div>1</div></body></html>"`;
